------------------------------------------------------------------------------------------------------------------------------------------------------------------------------------------------------------------------------------------------------------
      name:  <unnamed>
       log:  E:\analyses\covid-vs-noncovid-deaths-research\analysis/output/an_posthoc_smokingcancerint.log
  log type:  text
 opened on:  22 Feb 2021, 16:51:17

. 
. use  ./analysis/cr_create_analysis_dataset_MAIN_STSET.dta, clear

. gen coviddeath = onsdeath==1

. gen noncoviddeath = onsdeath>1 & onsdeath<.

. 
. logistic coviddeath age1 age2 age3 male i.stp i.smoke_nomiss##i.cancer_exhaem

Logistic regression                             Number of obs     = 17,456,515
                                                LR chi2(46)       =   55673.09
                                                Prob > chi2       =     0.0000
Log likelihood = -107474.19                     Pseudo R2         =     0.2057

------------------------------------------------------------------------------------------------
                    coviddeath | Odds Ratio   Std. Err.      z    P>|z|     [95% Conf. Interval]
-------------------------------+----------------------------------------------------------------
                          age1 |   1.166031   .0207899     8.62   0.000     1.125987    1.207498
                          age2 |   .9050043   .0350027    -2.58   0.010     .8389361    .9762755
                          age3 |   1.289513    .115233     2.85   0.004     1.082333    1.536351
                          male |   1.613698   .0257033    30.04   0.000     1.564099    1.664871
                               |
                           stp |
                            2  |   .5146603   .3670922    -0.93   0.352     .1271696     2.08285
                            3  |    .338158    .241403    -1.52   0.129     .0834578    1.370163
                            4  |   .7420832   .5309411    -0.42   0.677     .1825746    3.016234
                            5  |   .6133001   .4397031    -0.68   0.495     .1504553    2.499992
                            6  |   .5344082   .3813439    -0.88   0.380     .1319688    2.164088
                            7  |   .6184755   .4462572    -0.67   0.505     .1503638     2.54391
                            8  |   .4724799    .337256    -1.05   0.294     .1166261    1.914127
                            9  |   .1577462   .1129099    -2.58   0.010     .0387877    .6415392
                           10  |    .442945   .3161845    -1.14   0.254     .1093308    1.794557
                           11  |   .4180494   .2984447    -1.22   0.222     .1031707    1.693943
                           12  |   .7249595   .5182388    -0.45   0.653     .1785791    2.943045
                           13  |   .5377261   .3840983    -0.87   0.385     .1326011    2.180596
                           14  |   .4845021   .3461108    -1.01   0.310     .1194615    1.965003
                           15  |   .2728657   .1950073    -1.82   0.069     .0672397    1.107317
                           16  |   .1903964   .1360556    -2.32   0.020     .0469243    .7725381
                           17  |   .2890361   .2064837    -1.74   0.082     .0712631    1.172302
                           18  |   .4965528   .3544797    -0.98   0.327     .1225487    2.011973
                           19  |   .4050758   .2892643    -1.27   0.206     .0999295    1.642021
                           20  |   .4436969   .3166309    -1.14   0.255       .10956    1.796887
                           21  |   .6268593   .4473484    -0.65   0.513      .154783    2.538732
                           22  |    .554652   .4021508    -0.81   0.416     .1339234    2.297126
                           23  |   .2336414   .1669188    -2.04   0.042     .0576013     .947693
                           24  |   .4320472   .3149033    -1.15   0.250     .1035432    1.802771
                           25  |   .1144808   .0827428    -3.00   0.003      .027766    .4720111
                           26  |    .100342   .0718852    -3.21   0.001     .0246422    .4085879
                           27  |   .2689293    .192099    -1.84   0.066     .0663157    1.090587
                           28  |   .1358339   .0971708    -2.79   0.005     .0334263    .5519855
                           29  |    .226947   .1623385    -2.07   0.038     .0558531    .9221497
                           30  |   .3519657   .2515757    -1.46   0.144      .086713     1.42862
                           31  |   .2494543   .1899949    -1.82   0.068     .0560635    1.109946
                           32  |   .5212189    .371797    -0.91   0.361     .1287773    2.109605
                               |
                  smoke_nomiss |
                       Former  |   1.437007   .0263884    19.74   0.000     1.386207     1.48967
                      Current  |   1.111904   .0404392     2.92   0.004     1.035403    1.194056
                               |
             cancer_exhaem_cat |
                    Last year  |   1.398296   .1647536     2.85   0.004     1.109958    1.761536
                2-5 years ago  |   1.045467   .0812731     0.57   0.567     .8977164    1.217535
                     5+ years  |   .9462136   .0438241    -1.19   0.233     .8641031    1.036127
                               |
smoke_nomiss#cancer_exhaem_cat |
             Former#Last year  |   .9323822   .1301609    -0.50   0.616     .7091954    1.225807
         Former#2-5 years ago  |   1.062038   .0972983     0.66   0.511     .8874775    1.270933
              Former#5+ years  |   1.031747    .057635     0.56   0.576     .9247489    1.151125
            Current#Last year  |   2.093315   .4203976     3.68   0.000     1.412177    3.102989
        Current#2-5 years ago  |   1.336052   .2335623     1.66   0.097     .9484624    1.882029
             Current#5+ years  |   1.356496   .1622524     2.55   0.011     1.073013    1.714873
                               |
                         _cons |   1.80e-07   1.73e-07   -16.12   0.000     2.72e-08    1.19e-06
------------------------------------------------------------------------------------------------
Note: _cons estimates baseline odds.

. estimates save ./analysis/output/models/an_posthoc_smokingcancerint_COV, replace
(note: file ./analysis/output/models/an_posthoc_smokingcancerint_COV.ster not found)
file ./analysis/output/models/an_posthoc_smokingcancerint_COV.ster saved

. testparm i.smoke_nomiss#i.cancer_exhaem

 ( 1)  [coviddeath]2.smoke_nomiss#2.cancer_exhaem_cat = 0
 ( 2)  [coviddeath]2.smoke_nomiss#3.cancer_exhaem_cat = 0
 ( 3)  [coviddeath]2.smoke_nomiss#4.cancer_exhaem_cat = 0
 ( 4)  [coviddeath]3.smoke_nomiss#2.cancer_exhaem_cat = 0
 ( 5)  [coviddeath]3.smoke_nomiss#3.cancer_exhaem_cat = 0
 ( 6)  [coviddeath]3.smoke_nomiss#4.cancer_exhaem_cat = 0

           chi2(  6) =   27.89
         Prob > chi2 =    0.0001

. 
. logistic noncoviddeath age1 age2 age3 male i.stp i.smoke_nomiss##i.cancer_exhaem

Logistic regression                             Number of obs     = 17,456,515
                                                LR chi2(46)       =  413117.70
                                                Prob > chi2       =     0.0000
Log likelihood = -580991.72                     Pseudo R2         =     0.2623

------------------------------------------------------------------------------------------------
                 noncoviddeath | Odds Ratio   Std. Err.      z    P>|z|     [95% Conf. Interval]
-------------------------------+----------------------------------------------------------------
                          age1 |   1.150403   .0049162    32.79   0.000     1.140807    1.160079
                          age2 |   .8492057   .0083141   -16.70   0.000     .8330657    .8656585
                          age3 |   1.614078   .0374124    20.66   0.000     1.542392    1.689096
                          male |   1.188545   .0069328    29.61   0.000     1.175034    1.202211
                               |
                           stp |
                            2  |   .8666172   .2959573    -0.42   0.675     .4437462    1.692466
                            3  |   .8784022   .3000725    -0.38   0.704     .4496898    1.715828
                            4  |   .9498572   .3253987    -0.15   0.881     .4853519    1.858917
                            5  |   .8608478   .2953881    -0.44   0.662      .439388    1.686571
                            6  |   .8911078   .3044258    -0.34   0.736     .4561813    1.740696
                            7  |   1.037637   .3575347     0.11   0.915     .5281417    2.038641
                            8  |   .8458497   .2890132    -0.49   0.624     .4329635    1.652476
                            9  |   .8645682   .2954371    -0.43   0.670     .4425168    1.689152
                           10  |   .8441509   .2884234    -0.50   0.620     .4321034    1.649121
                           11  |   .8396815   .2869068    -0.51   0.609     .4298051     1.64043
                           12  |    1.02133   .3495224     0.06   0.951     .5222343    1.997407
                           13  |    .822957   .2813952    -0.57   0.569     .4210409    1.608533
                           14  |   .8355947   .2856802    -0.53   0.599     .4275429    1.633096
                           15  |   .7439614   .2542668    -0.87   0.387     .3807428    1.453681
                           16  |   .7902926   .2699955    -0.69   0.491     .4045605    1.543805
                           17  |    .766473   .2619243    -0.78   0.436     .3923002    1.497529
                           18  |   .7755057   .2650304    -0.74   0.457      .396904    1.515251
                           19  |   .7804612   .2667287    -0.73   0.468     .3994354    1.524951
                           20  |   .7970156   .2722795    -0.66   0.507     .4080149    1.556889
                           21  |   .6722763   .2297603    -1.16   0.245     .3440624    1.313586
                           22  |    .733704   .2543657    -0.89   0.372     .3718949     1.44751
                           23  |   .7558145   .2582429    -0.82   0.413     .3868842    1.476555
                           24  |   .8655505   .2997951    -0.42   0.677     .4390028    1.706544
                           25  |   .7482895   .2561645    -0.85   0.397     .3825383    1.463741
                           26  |   .7564054   .2584478    -0.82   0.414     .3871836     1.47772
                           27  |   .7888466   .2695359    -0.69   0.488     .4037858    1.541112
                           28  |   .7519674   .2569235    -0.83   0.404     .3849199     1.46902
                           29  |   .7754518   .2650629    -0.74   0.457     .3968252    1.515341
                           30  |   .7991812   .2732371    -0.66   0.512     .4089052    1.561953
                           31  |   .7074452    .249088    -0.98   0.326     .3548043    1.410577
                           32  |   .9056865   .3093156    -0.29   0.772     .4637354    1.768828
                               |
                  smoke_nomiss |
                       Former  |   1.383456   .0102756    43.70   0.000     1.363463    1.403744
                      Current  |   2.499315   .0271892    84.20   0.000     2.446589    2.553177
                               |
             cancer_exhaem_cat |
                    Last year  |   9.666088   .2273536    96.45   0.000     9.230599    10.12212
                2-5 years ago  |   3.757705   .0708745    70.19   0.000      3.62133    3.899216
                     5+ years  |    1.66442   .0247021    34.33   0.000     1.616702    1.713547
                               |
smoke_nomiss#cancer_exhaem_cat |
             Former#Last year  |   .9512468   .0273486    -1.74   0.082     .8991268    1.006388
         Former#2-5 years ago  |   .8495956   .0199421    -6.94   0.000     .8113952    .8895945
              Former#5+ years  |   .9067589   .0169279    -5.24   0.000     .8741804    .9405515
            Current#Last year  |    1.80645   .0675568    15.81   0.000     1.678777    1.943832
        Current#2-5 years ago  |   1.198553    .041792     5.19   0.000     1.119379    1.283328
             Current#5+ years  |   .9772599   .0318097    -0.71   0.480     .9168612    1.041637
                               |
                         _cons |   2.63e-06   9.81e-07   -34.39   0.000     1.26e-06    5.46e-06
------------------------------------------------------------------------------------------------
Note: _cons estimates baseline odds.

. estimates save ./analysis/output/models/an_posthoc_smokingcancerint_NONCOV, replace
(note: file ./analysis/output/models/an_posthoc_smokingcancerint_NONCOV.ster not found)
file ./analysis/output/models/an_posthoc_smokingcancerint_NONCOV.ster saved

. testparm i.smoke_nomiss#i.cancer_exhaem

 ( 1)  [noncoviddeath]2.smoke_nomiss#2.cancer_exhaem_cat = 0
 ( 2)  [noncoviddeath]2.smoke_nomiss#3.cancer_exhaem_cat = 0
 ( 3)  [noncoviddeath]2.smoke_nomiss#4.cancer_exhaem_cat = 0
 ( 4)  [noncoviddeath]3.smoke_nomiss#2.cancer_exhaem_cat = 0
 ( 5)  [noncoviddeath]3.smoke_nomiss#3.cancer_exhaem_cat = 0
 ( 6)  [noncoviddeath]3.smoke_nomiss#4.cancer_exhaem_cat = 0

           chi2(  6) =  499.64
         Prob > chi2 =    0.0000

. 
. log close
      name:  <unnamed>
       log:  E:\analyses\covid-vs-noncovid-deaths-research\analysis/output/an_posthoc_smokingcancerint.log
  log type:  text
 closed on:  22 Feb 2021, 16:57:40
------------------------------------------------------------------------------------------------------------------------------------------------------------------------------------------------------------------------------------------------------------
